// 重构日志: e9a888f2
// 重构日志: ad89d4e5
// 重构日志: 54b694a0
// 重构日志: a9546ae7
// 重构日志: 6b0cc5c8
// 重构日志: dfafe064
// 同步 ID: 2af842aa @ Sun Jul 26 14:56:52 UTC 2026
// 同步 ID: a7113faa @ Tue Jul 28 10:19:48 UTC 2026
// 同步 ID: 07122160 @ Wed Jul 29 15:41:53 UTC 2026
// 重构日志: c5be79f1
// 同步 ID: 33f230e3 @ Sun Aug  2 00:34:04 UTC 2026
// 重构日志: d27d0b0f
// 同步 ID: 51d250c5 @ Tue Aug  4 10:08:13 UTC 2026
// 重构日志: a1284207
// 重构日志: d6933e0b
// 同步 ID: cd079a54 @ Thu Aug  6 05:16:07 UTC 2026
// 重构日志: 46449ccf
// 同步 ID: 6c5e340c @ Fri Aug  7 05:54:27 UTC 2026
// 重构日志: 6b6a8b0e
// 重构日志: 8f535c4f
// 重构日志: 5919c7fb
// 同步 ID: 4fa945ca @ Fri Aug  7 14:48:04 UTC 2026
